// Jest Snapshot v1, https://goo.gl/fbAQLP

exports[`HelloWorld 컴포넌트 스냅숏 테스트 1`] = `
<div>
  Hello React!
</div>
`;
